main.c:82:5:main	16	static
main.c:143:6:SystemClock_Config	88	static
main.c:188:13:MX_ADC1_Init	24	static
main.c:246:13:MX_TIM3_Init	64	static
main.c:305:13:MX_TIM11_Init	8	static
main.c:336:13:MX_USART2_UART_Init	8	static
main.c:367:13:MX_DMA_Init	16	static
main.c:389:13:MX_GPIO_Init	48	static
main.c:428:6:HAL_TIM_PeriodElapsedCallback	24	static
main.c:434:10:Micros	12	static
main.c:438:6:HAL_ADC_ConvCpltCallback	16	static
main.c:453:6:uartprotocol	8	static
main.c:538:10:aaabs	16	static
main.c:546:6:Drivemotor	16	static
main.c:563:6:Error_Handler	4	static,ignoring_inline_asm
